// Jest Snapshot v1, https://goo.gl/fbAQLP

exports[`match the snapshot 1`] = `
Array [
  <div>
    <nav>
      <ul>
        <li>
          <a
            href="/"
            onClick={[Function]}
          >
            Home
          </a>
        </li>
        <li>
          <a
            href="/calculator"
            onClick={[Function]}
          >
            Calculator
          </a>
        </li>
        <li>
          <a
            href="/quote"
            onClick={[Function]}
          >
            Quote of the day
          </a>
        </li>
      </ul>
    </nav>
  </div>,
  <div
    className="container"
  >
    <div>
      Lorem ipsum dolor sit amet consectetur adipisicing elit. Ipsum laboriosam unde reprehenderit labore iusto asperiores sapiente dolores cumque totam enim eius, non amet expedita, sed eveniet commodi beatae quaerat vitae!
      <p>
        Lorem ipsum dolor sit amet, consectetur adipisicing elit. Dolorum aperiam dolores, enim in quasi quisquam? Cumque consequatur aliquam fugit quam beatae dolore ipsum eos, libero iste dolor excepturi iure ullam.
      </p>
    </div>
  </div>,
]
`;
